[backblue.gif]
[fade.gif]
[index.html]
[web.stanford.edu/class/archive/cs/cs106b/cs106b.1138/materials/cppdoc/images/StanfordTreeLogo.png]
[web.stanford.edu/class/archive/cs/cs106b/cs106b.1138/materials/cppdoc/index.html]
[web.stanford.edu/class/archive/cs/cs106b/cs106b.1138/materials/cppdoc/cppdoc.css]
[web.stanford.edu/class/archive/cs/cs106b/cs106b.1138/materials/cppdoc/console.html]
[web.stanford.edu/class/archive/cs/cs106b/cs106b.1138/materials/cppdoc/direction.html]
[web.stanford.edu/class/archive/cs/cs106b/cs106b.1138/materials/cppdoc/error.html]
[web.stanford.edu/class/archive/cs/cs106b/cs106b.1138/materials/cppdoc/filelib.html]
[web.stanford.edu/class/archive/cs/cs106b/cs106b.1138/materials/cppdoc/foreach.html]
[web.stanford.edu/class/archive/cs/cs106b/cs106b.1138/materials/cppdoc/gmath.html]
[web.stanford.edu/class/archive/cs/cs106b/cs106b.1138/materials/cppdoc/random.html]
[web.stanford.edu/class/archive/cs/cs106b/cs106b.1138/materials/cppdoc/simpio.html]
[web.stanford.edu/class/archive/cs/cs106b/cs106b.1138/materials/cppdoc/strlib.html]
[web.stanford.edu/class/archive/cs/cs106b/cs106b.1138/materials/cppdoc/thread.html]
[web.stanford.edu/class/archive/cs/cs106b/cs106b.1138/materials/cppdoc/Graph-class.html]
[web.stanford.edu/class/archive/cs/cs106b/cs106b.1138/materials/cppdoc/Grid-class.html]
[web.stanford.edu/class/archive/cs/cs106b/cs106b.1138/materials/cppdoc/HashMap-class.html]
[web.stanford.edu/class/archive/cs/cs106b/cs106b.1138/materials/cppdoc/HashSet-class.html]
[web.stanford.edu/class/archive/cs/cs106b/cs106b.1138/materials/cppdoc/Lexicon-class.html]
[web.stanford.edu/class/archive/cs/cs106b/cs106b.1138/materials/cppdoc/Map-class.html]
[web.stanford.edu/class/archive/cs/cs106b/cs106b.1138/materials/cppdoc/PriorityQueue-class.html]
[web.stanford.edu/class/archive/cs/cs106b/cs106b.1138/materials/cppdoc/Queue-class.html]
[web.stanford.edu/class/archive/cs/cs106b/cs106b.1138/materials/cppdoc/Set-class.html]
[web.stanford.edu/class/archive/cs/cs106b/cs106b.1138/materials/cppdoc/Stack-class.html]
[web.stanford.edu/class/archive/cs/cs106b/cs106b.1138/materials/cppdoc/Vector-class.html]
[web.stanford.edu/class/archive/cs/cs106b/cs106b.1138/materials/cppdoc/GWindow-class.html]
[web.stanford.edu/class/archive/cs/cs106b/cs106b.1138/materials/cppdoc/images/GObjectHierarchy.png]
[web.stanford.edu/class/archive/cs/cs106b/cs106b.1138/materials/cppdoc/GObject-class.html]
[web.stanford.edu/class/archive/cs/cs106b/cs106b.1138/materials/cppdoc/images/GArcGeometry.png]
[web.stanford.edu/class/archive/cs/cs106b/cs106b.1138/materials/cppdoc/images/GArcExamples.png]
[web.stanford.edu/class/archive/cs/cs106b/cs106b.1138/materials/cppdoc/images/PacMan.png]
[web.stanford.edu/class/archive/cs/cs106b/cs106b.1138/materials/cppdoc/GArc-class.html]
[web.stanford.edu/class/archive/cs/cs106b/cs106b.1138/materials/cppdoc/GCompound-class.html]
[web.stanford.edu/class/archive/cs/cs106b/cs106b.1138/materials/cppdoc/GImage-class.html]
[web.stanford.edu/class/archive/cs/cs106b/cs106b.1138/materials/cppdoc/images/GLabelGeometry.png]
[web.stanford.edu/class/archive/cs/cs106b/cs106b.1138/materials/cppdoc/GLabel-class.html]
[web.stanford.edu/class/archive/cs/cs106b/cs106b.1138/materials/cppdoc/GLine-class.html]
[web.stanford.edu/class/archive/cs/cs106b/cs106b.1138/materials/cppdoc/GOval-class.html]
[web.stanford.edu/class/archive/cs/cs106b/cs106b.1138/materials/cppdoc/images/StopSign.png]
[web.stanford.edu/class/archive/cs/cs106b/cs106b.1138/materials/cppdoc/GPolygon-class.html]
[web.stanford.edu/class/archive/cs/cs106b/cs106b.1138/materials/cppdoc/GRect-class.html]
[web.stanford.edu/class/archive/cs/cs106b/cs106b.1138/materials/cppdoc/G3DRect-class.html]
[web.stanford.edu/class/archive/cs/cs106b/cs106b.1138/materials/cppdoc/GRoundRect-class.html]
[web.stanford.edu/class/archive/cs/cs106b/cs106b.1138/materials/cppdoc/images/GCheckBox.png]
[web.stanford.edu/class/archive/cs/cs106b/cs106b.1138/materials/cppdoc/GCheckBox-class.html]
[web.stanford.edu/class/archive/cs/cs106b/cs106b.1138/materials/cppdoc/images/GChooser.png]
[web.stanford.edu/class/archive/cs/cs106b/cs106b.1138/materials/cppdoc/GChooser-class.html]
[web.stanford.edu/class/archive/cs/cs106b/cs106b.1138/materials/cppdoc/images/GSlider.png]
[web.stanford.edu/class/archive/cs/cs106b/cs106b.1138/materials/cppdoc/GSlider-class.html]
[web.stanford.edu/class/archive/cs/cs106b/cs106b.1138/materials/cppdoc/GTextField-class.html]
[web.stanford.edu/class/archive/cs/cs106b/cs106b.1138/materials/cppdoc/GButton-class.html]
[web.stanford.edu/class/archive/cs/cs106b/cs106b.1138/materials/cppdoc/images/GEventHierarchy.png]
[web.stanford.edu/class/archive/cs/cs106b/cs106b.1138/materials/cppdoc/GEvent-class.html]
[web.stanford.edu/class/archive/cs/cs106b/cs106b.1138/materials/cppdoc/GActionEvent-class.html]
[web.stanford.edu/class/archive/cs/cs106b/cs106b.1138/materials/cppdoc/GKeyEvent-class.html]
[web.stanford.edu/class/archive/cs/cs106b/cs106b.1138/materials/cppdoc/GMouseEvent-class.html]
[web.stanford.edu/class/archive/cs/cs106b/cs106b.1138/materials/cppdoc/GTimerEvent-class.html]
[web.stanford.edu/class/archive/cs/cs106b/cs106b.1138/materials/cppdoc/GWindowEvent-class.html]
[web.stanford.edu/class/archive/cs/cs106b/cs106b.1138/materials/cppdoc/GDimension-class.html]
[web.stanford.edu/class/archive/cs/cs106b/cs106b.1138/materials/cppdoc/GPoint-class.html]
[web.stanford.edu/class/archive/cs/cs106b/cs106b.1138/materials/cppdoc/GRectangle-class.html]
[web.stanford.edu/class/archive/cs/cs106b/cs106b.1138/materials/cppdoc/ErrorException-class.html]
[web.stanford.edu/class/archive/cs/cs106b/cs106b.1138/materials/cppdoc/Lock-class.html]
[web.stanford.edu/class/archive/cs/cs106b/cs106b.1138/materials/cppdoc/Point-class.html]
[web.stanford.edu/class/archive/cs/cs106b/cs106b.1138/materials/cppdoc/Sound-class.html]
[web.stanford.edu/class/archive/cs/cs106b/cs106b.1138/materials/cppdoc/Thread-class.html]
[web.stanford.edu/class/archive/cs/cs106b/cs106b.1138/materials/cppdoc/TokenScanner-class.html]
[web.stanford.edu/class/archive/cs/cs106b/cs106b.1138/materials/cppdoc/GInteractor-class.html]
[web.stanford.edu/class/archive/cs/cs106b/cs106b.1138/materials/cppdoc/GTimer-class.html]
[web.stanford.edu/class/archive/cs/cs106b/cs106b.1138/materials/cppdoc/images/GInteractorHierarchy.png]
[web.stanford.edu/class/archive/cs/cs106b/cs106b.1138/materials/cppdoc/images/GEventHierarchy-h.png]
[web.stanford.edu/class/archive/cs/cs106b/cs106b.1138/materials/cppdoc/gevents.html]
[web.stanford.edu/class/archive/cs/cs106b/cs106b.1138/materials/cppdoc/images/GInteractorHierarchy-h.png]
[web.stanford.edu/class/archive/cs/cs106b/cs106b.1138/materials/cppdoc/ginteractors.html]
[web.stanford.edu/class/archive/cs/cs106b/cs106b.1138/materials/cppdoc/images/GObjectHierarchy-h.png]
[web.stanford.edu/class/archive/cs/cs106b/cs106b.1138/materials/cppdoc/gobjects.html]
[web.stanford.edu/class/archive/cs/cs106b/cs106b.1138/materials/cppdoc/graph.html]
[web.stanford.edu/class/archive/cs/cs106b/cs106b.1138/materials/cppdoc/grid.html]
[web.stanford.edu/class/archive/cs/cs106b/cs106b.1138/materials/cppdoc/gtimer.html]
[web.stanford.edu/class/archive/cs/cs106b/cs106b.1138/materials/cppdoc/gtypes.html]
[web.stanford.edu/class/archive/cs/cs106b/cs106b.1138/materials/cppdoc/gwindow.html]
[web.stanford.edu/class/archive/cs/cs106b/cs106b.1138/materials/cppdoc/hashmap.html]
[web.stanford.edu/class/archive/cs/cs106b/cs106b.1138/materials/cppdoc/hashset.html]
[web.stanford.edu/class/archive/cs/cs106b/cs106b.1138/materials/cppdoc/lexicon.html]
[web.stanford.edu/class/archive/cs/cs106b/cs106b.1138/materials/cppdoc/map.html]
[web.stanford.edu/class/archive/cs/cs106b/cs106b.1138/materials/cppdoc/point.html]
[web.stanford.edu/class/archive/cs/cs106b/cs106b.1138/materials/cppdoc/pqueue.html]
[web.stanford.edu/class/archive/cs/cs106b/cs106b.1138/materials/cppdoc/queue.html]
[web.stanford.edu/class/archive/cs/cs106b/cs106b.1138/materials/cppdoc/set.html]
[web.stanford.edu/class/archive/cs/cs106b/cs106b.1138/materials/cppdoc/sound.html]
[web.stanford.edu/class/archive/cs/cs106b/cs106b.1138/materials/cppdoc/stack.html]
[web.stanford.edu/class/archive/cs/cs106b/cs106b.1138/materials/cppdoc/tokenscanner.html]
[web.stanford.edu/class/archive/cs/cs106b/cs106b.1138/materials/cppdoc/vector.html]
[web.stanford.edu/class/archive/cs/cs106b/cs106b.1138/materials/cppdoc/console-h.html]
[web.stanford.edu/class/archive/cs/cs106b/cs106b.1138/materials/cppdoc/direction-h.html]
[web.stanford.edu/class/archive/cs/cs106b/cs106b.1138/materials/cppdoc/error-h.html]
[web.stanford.edu/class/archive/cs/cs106b/cs106b.1138/materials/cppdoc/filelib-h.html]
[web.stanford.edu/class/archive/cs/cs106b/cs106b.1138/materials/cppdoc/foreach-h.html]
[web.stanford.edu/class/archive/cs/cs106b/cs106b.1138/materials/cppdoc/gmath-h.html]
[web.stanford.edu/class/archive/cs/cs106b/cs106b.1138/materials/cppdoc/random-h.html]
[web.stanford.edu/class/archive/cs/cs106b/cs106b.1138/materials/cppdoc/simpio-h.html]
[web.stanford.edu/class/archive/cs/cs106b/cs106b.1138/materials/cppdoc/strlib-h.html]
[web.stanford.edu/class/archive/cs/cs106b/cs106b.1138/materials/cppdoc/thread-h.html]
[web.stanford.edu/class/archive/cs/cs106b/cs106b.1138/materials/cppdoc/StanfordTree.html]
[web.stanford.edu/class/archive/cs/cs106b/cs106b.1138/materials/cppdoc/gevents-h.html]
[web.stanford.edu/class/archive/cs/cs106b/cs106b.1138/materials/cppdoc/ginteractors-h.html]
[web.stanford.edu/class/archive/cs/cs106b/cs106b.1138/materials/cppdoc/gobjects-h.html]
[web.stanford.edu/class/archive/cs/cs106b/cs106b.1138/materials/cppdoc/graph-h.html]
[web.stanford.edu/class/archive/cs/cs106b/cs106b.1138/materials/cppdoc/grid-h.html]
[web.stanford.edu/class/archive/cs/cs106b/cs106b.1138/materials/cppdoc/gtimer-h.html]
[web.stanford.edu/class/archive/cs/cs106b/cs106b.1138/materials/cppdoc/gtypes-h.html]
[web.stanford.edu/class/archive/cs/cs106b/cs106b.1138/materials/cppdoc/gwindow-h.html]
[web.stanford.edu/class/archive/cs/cs106b/cs106b.1138/materials/cppdoc/hashmap-h.html]
[web.stanford.edu/class/archive/cs/cs106b/cs106b.1138/materials/cppdoc/hashset-h.html]
[web.stanford.edu/class/archive/cs/cs106b/cs106b.1138/materials/cppdoc/lexicon-h.html]
[web.stanford.edu/class/archive/cs/cs106b/cs106b.1138/materials/cppdoc/map-h.html]
[web.stanford.edu/class/archive/cs/cs106b/cs106b.1138/materials/cppdoc/point-h.html]
[web.stanford.edu/class/archive/cs/cs106b/cs106b.1138/materials/cppdoc/pqueue-h.html]
[web.stanford.edu/class/archive/cs/cs106b/cs106b.1138/materials/cppdoc/queue-h.html]
[web.stanford.edu/class/archive/cs/cs106b/cs106b.1138/materials/cppdoc/set-h.html]
[web.stanford.edu/class/archive/cs/cs106b/cs106b.1138/materials/cppdoc/sound-h.html]
[web.stanford.edu/class/archive/cs/cs106b/cs106b.1138/materials/cppdoc/stack-h.html]
[web.stanford.edu/class/archive/cs/cs106b/cs106b.1138/materials/cppdoc/tokenscanner-h.html]
[web.stanford.edu/class/archive/cs/cs106b/cs106b.1138/materials/cppdoc/vector-h.html]
